00000000:	NOP
Invalid param : decimal number awaited in 'vv'
