00000000:	NOP
Invalid param : maximum number of instructions to display is 1000
