Table des symboles .text .data .bss .reginfo .pdr X Tab 
------ Fichier ELF "./res/exempleELF.o" : sections lues lors du chargement ------

 00000000:	21 08 00 11 
 00000004:	21 08 00 12 
 00000008:	00 00 00 00 
 0000000c:	00 00 00 40 
 00000010:	00 00 00 00 


<X>
 00001000:	00 00 0a bc 


<Tab>
 00002000:	00 00 00 00 
 00002004:	00 00 00 00 
 00002008:	00 00 00 00 

0x0000000a:	NOP
0x0000000e:	SLL	$zero	$zero	1
0x00000012:	NOP
