00000ae0:	NOP
00000ae4:	NOP
DA function only takes one argument! Format da 0xaddr:nb_instr
