L'argument 1 a été modifié en 0 pour etre le debut d'une instruction
Breakpoint set at address 0x0
