L'argument 5 a été modifié en 4 pour etre le debut d'une instruction
Breakpoint set at address 0x4
