Breakpoint set at address 0x4
No Breakpoint at the address 0x5
