The value af has been loaded in register $5
Error : the first argument isn't a valide register name
