Invalid param : hexadecimal number awaited in 'za'
