Invalid param : hexadecimal number awaited in 'z'
