00000ae0:	NOP
Invalid param : decimal number awaited in 'vv'
