The value 10 has been loaded in the address 0x60
Error : The 2nd argument of lm isn't a valide value
