Warning : The address is not allocated for the simulator!
