DA function should display 20 instructions from address 0xae1
Invalid param : hexadecimal number awaited in 'ae1v'
