DA function should display 20 instructions from address 0xae1
Invalid param : parametre should be between 0xOOOOOOOO and 0xffffffff
